<!DOCTYPE html>
<html xmlns="http://www.w3.org/1999/xhtml" xmlns="http://www.w3.org/1999/html" xml:lang="en" lang="en">
<head>
    <title></title>
    <link rel="stylesheet" href="style.css">
</head>
<body>
<main role="main">
    <h1 class="logo">LSD</h1>
    <h1>Reports</h1>
    <div class="contents">
        <ul class="contents">
                        <li class="success"><a href="Data_table.html">data_table</a></li>
                        <li class="success"><a href="Scenario.html">scenario</a></li>
                        <li class="success"><a href="Scenario_outline.html">scenario_outline</a></li>
                    </ul>
    </div>
</main>
</body>
</html>
