<!DOCTYPE html>
<html xmlns="http://www.w3.org/1999/xhtml" xmlns="http://www.w3.org/1999/html" xml:lang="en" lang="en">
<head>
    <title>Index</title>
    <link rel="stylesheet" href="https://cdn.jsdelivr.net/gh/lsd-consulting/lsd-core@7/src/main/resources/static/style.min.css">

</head>
<body>
<main role="main">
    <h1 class="logo">LSD</h1>
    <h2><label class="index">Available Reports</label></h2>
    <div class="index-content">
        <a class="success" href="Data_table.html">data_table</a>
        <a class="success" href="Scenario.html">scenario</a>
        <a class="success" href="Scenario_outline.html">scenario_outline</a>
        
    </div>
</main>
</body>
</html>